# Rapport claude-benchy

- **Généré :** 2026-07-15 10:00:00 UTC
- **App :** /tmp/app

## Prompt

```
Add a /health endpoint.
```

## Synthèse

- Plus économique : **baseline** ($0.0123).
- Plus rapide : **baseline** (8.2s).
- Changements les plus étendus : **baseline** (1 fichier(s), +3/-0).
- Runs en échec : strict.

## Comparaison

| Config | Run | Modèle | Statut | Tours | Outils | Coût | Durée | Fichiers | +Lignes | -Lignes |
|--------|-----|--------|--------|-------|--------|------|-------|----------|---------|---------|
| baseline | 1 | sonnet | ok | 3 | 4 | $0.0123 | 8.2s | 1 | 3 | 0 |
| strict | 1 | opus | erreur | 0 | 0 | $0.0000 | 0.0s | 0 | 0 | 0 |

## Détail par config

### baseline (run 1) — ok

- **Artefacts :** baseline
- **Résultat :** Ajout de `GET /health`.

```diff
diff --git a/server.js b/server.js
@@ -1,2 +1,5 @@
 context
+added line
-removed line
```

### strict (run 1) — erreur

- **Artefacts :** strict
- **Erreur :** docker run: exit status 1

```diff

```

