<!doctype html>
<html lang="fr">
<head>
<meta charset="utf-8">
<meta name="viewport" content="width=device-width, initial-scale=1">
<title>Rapport claude-benchy</title>
<script>try{var t=localStorage.getItem("benchy-theme");if(t){document.documentElement.setAttribute("data-theme",t);}}catch(e){}</script>
<link rel="preconnect" href="https://fonts.googleapis.com">
<link rel="preconnect" href="https://fonts.gstatic.com" crossorigin>
<link href="https://fonts.googleapis.com/css2?family=Space+Grotesk:wght@400;500;600;700&family=Inter:wght@400;500;600;700&family=JetBrains+Mono:wght@400;500;600&display=swap" rel="stylesheet">
<style>
/* Design system Benchy (partagé avec le dashboard, internal/server/static
   /style.css) : sombre par défaut, bascule clair (suit prefers-color-scheme au
   premier affichage, puis data-theme force et persiste), accent jaune #f5b301,
   polices Space Grotesk / Inter / JetBrains Mono, cartes arrondies, ombres
   douces. Le jaune ne sert jamais de texte de corps ; les niveaux de la matrice
   sont teintés ok/warn/ko. */
:root {
  color-scheme: light dark;
  --bg: #0c0d0f; --surface: #141518; --surface2: #191b1f; --elevated: #212329;
  --ink: #f4f3ef; --ink-quiet: #9c9c98; --ink-faint: #67686c;
  --border: #26282e; --border-strong: #3a3d45;
  --accent: #f5b301; --accent-2: #ffd257; --accent-soft: #332807;
  --accent-ink: #0c0d0f; --accent-text: #f8c33a;
  --brand-bg: #000000; --brand-ink: #ffffff;
  --ok: #54d178; --ok-soft: #132a1c; --err: #ff6072; --err-soft: #331419;
  --warn: #f5b301; --warn-soft: #332807; --focus: var(--accent);
  --add-bg: #132a1c; --add-fg: #7ee39c; --del-bg: #331419; --del-fg: #ff8a97;
  --chg-bg: #332807; --chg-fg: #f8c33a; --hunk: #7fb0c8;
  --shadow: 0 1px 0 rgba(255, 255, 255, 0.03) inset, 0 18px 40px -24px rgba(0, 0, 0, 0.8);

  --r-card: 16px; --r-ctl: 11px; --r-sm: 8px; --r-full: 999px;
  --font-display: 'Space Grotesk', 'Segoe UI', system-ui, -apple-system, sans-serif;
  --font-body: 'Inter', 'Segoe UI', system-ui, -apple-system, sans-serif;
  --font-ui: 'Inter', 'Segoe UI', system-ui, sans-serif;
  --font-mono: 'JetBrains Mono', ui-monospace, SFMono-Regular, Menlo, Consolas, monospace;
}

@media (prefers-color-scheme: light) {
  :root:not([data-theme="dark"]) {
    --bg: #efece4; --surface: #ffffff; --surface2: #f6f4ee; --elevated: #ffffff;
    --ink: #111112; --ink-quiet: #6b6a66; --ink-faint: #6f6e68;
    --border: #e3dfd5; --border-strong: #cbc7bc;
    --accent: #f5b301; --accent-2: #c98a00; --accent-soft: #faedcb;
    --accent-ink: #1a1400; --accent-text: #8a6200;
    --brand-bg: #111112; --brand-ink: #ffffff;
    --ok: #127a2e; --ok-soft: #e6f3e8; --err: #cf1229; --err-soft: #fbe7ea;
    --warn: #8a6200; --warn-soft: #faedcb; --focus: #8a6200;
    --add-bg: #e7f4e9; --add-fg: #106b28; --del-bg: #fdeaec; --del-fg: #a1021a;
    --chg-bg: #faedcb; --chg-fg: #77560a; --hunk: #31708a;
    --shadow: 0 1px 2px rgba(20, 18, 10, 0.04), 0 18px 40px -30px rgba(20, 18, 10, 0.35);
  }
}
:root[data-theme="light"] {
  --bg: #efece4; --surface: #ffffff; --surface2: #f6f4ee; --elevated: #ffffff;
  --ink: #111112; --ink-quiet: #6b6a66; --ink-faint: #6f6e68;
  --border: #e3dfd5; --border-strong: #cbc7bc;
  --accent: #f5b301; --accent-2: #c98a00; --accent-soft: #faedcb;
  --accent-ink: #1a1400; --accent-text: #8a6200;
  --brand-bg: #111112; --brand-ink: #ffffff;
  --ok: #127a2e; --ok-soft: #e6f3e8; --err: #cf1229; --err-soft: #fbe7ea;
  --warn: #8a6200; --warn-soft: #faedcb; --focus: #8a6200;
  --add-bg: #e7f4e9; --add-fg: #106b28; --del-bg: #fdeaec; --del-fg: #a1021a;
  --chg-bg: #faedcb; --chg-fg: #77560a; --hunk: #31708a;
  --shadow: 0 1px 2px rgba(20, 18, 10, 0.04), 0 18px 40px -30px rgba(20, 18, 10, 0.35);
}

* { box-sizing: border-box; }
body {
  font-family: var(--font-body);
  margin: 0;
  background: var(--bg);
  color: var(--ink);
  line-height: 1.55;
  font-size: 16px;
  -webkit-font-smoothing: antialiased;
  transition: background 0.25s, color 0.25s;
}
.page { padding: 2.5rem clamp(1.25rem, 3vw, 3rem) 5rem; }
a { color: var(--accent-text); text-decoration: underline; text-underline-offset: 2px; }

/* ---- topbar ------------------------------------------------------------- */
.topbar {
  position: sticky;
  top: 0;
  z-index: 20;
  display: flex;
  align-items: center;
  gap: 1.4rem;
  padding: 14px clamp(1.25rem, 3vw, 3rem);
  background: color-mix(in srgb, var(--bg) 82%, transparent);
  backdrop-filter: blur(14px);
  border-bottom: 1px solid var(--border);
}
.topbar .brand { display: flex; align-items: center; gap: 0.7rem; text-decoration: none; color: inherit; }
.topbar .logo {
  width: 30px; height: 30px; flex: none;
  border-radius: var(--r-sm);
  background: var(--accent); color: var(--accent-ink);
  display: flex; align-items: center; justify-content: center;
  font-family: var(--font-display); font-weight: 700; font-size: 18px;
  box-shadow: 0 0 0 1px color-mix(in srgb, var(--accent) 40%, transparent), 0 6px 16px -6px var(--accent);
}
.topbar .name { font-family: var(--font-display); font-weight: 600; font-size: 19px; letter-spacing: -0.02em; }
.topbar .root { font-family: var(--font-mono); font-size: 11px; color: var(--ink-faint); }
.topbar .spacer { flex: 1; }
.theme-toggle {
  width: 38px; height: 38px; flex: none;
  border-radius: var(--r-ctl);
  border: 1px solid var(--border);
  background: var(--surface2); color: var(--ink);
  cursor: pointer; display: flex; align-items: center; justify-content: center; font-size: 15px;
}
.theme-toggle:hover { border-color: var(--accent); color: var(--accent-text); }
.nav-seg { display: flex; gap: 4px; background: var(--surface2); border: 1px solid var(--border); padding: 4px; border-radius: 12px; }
.nav-seg .seg { padding: 7px 14px; border-radius: 9px; font-family: var(--font-ui); font-weight: 600; font-size: 13px; text-decoration: none; color: var(--ink-quiet); white-space: nowrap; }
.nav-seg .seg:hover { color: var(--ink); }
.nav-seg .seg.active, .nav-seg .seg.active:hover { background: var(--accent); color: var(--accent-ink); }
.nav-seg .seg.disabled { color: var(--ink-faint); cursor: default; }
@media (max-width: 720px) { .nav-seg { display: none; } }

/* ---- headings ----------------------------------------------------------- */
.eyebrow {
  font-family: var(--font-mono);
  font-size: 12px; letter-spacing: 0.12em; text-transform: uppercase;
  color: var(--accent-text); margin: 0 0 0.7rem;
}
h1 {
  font-family: var(--font-display); font-weight: 700;
  letter-spacing: -0.03em; line-height: 1.05;
  font-size: clamp(2rem, 3.6vw, 3.2rem);
  margin: 0 0 0.6rem; text-wrap: balance;
}
h2 {
  font-family: var(--font-display); font-weight: 600; letter-spacing: -0.01em;
  font-size: 1.4rem; margin: 2.6rem 0 0.5rem; scroll-margin-top: 5rem; text-wrap: balance;
}
h3 { font-family: var(--font-display); font-weight: 600; }
.meta-list { color: var(--ink-quiet); font-size: 0.95rem; }
.backlink { margin: 0 0 1rem; font-family: var(--font-ui); font-size: 0.85rem; }
.backlink a { text-decoration: none; font-weight: 600; }
code {
  font-family: var(--font-mono); background: var(--surface2);
  padding: 0.08rem 0.35rem; border-radius: 5px; font-size: 0.88em;
}

/* ---- prompt & synthesis ------------------------------------------------- */
.prompt {
  background: var(--brand-bg); color: var(--brand-ink);
  border-left: 5px solid var(--accent); border-radius: var(--r-card);
  padding: 1.1rem 1.3rem; white-space: pre-wrap; font-size: 0.95rem;
}
.synthesis {
  background: var(--surface); border: 1px solid var(--border);
  border-radius: var(--r-card); box-shadow: var(--shadow);
  padding: 0.9rem 1.4rem;
}
.synthesis li { margin: 0.3rem 0; }
.synthesis > strong {
  font-family: var(--font-display); text-transform: uppercase; letter-spacing: 0.05em;
  font-size: 0.8rem; display: inline-block; margin-bottom: 0.3rem;
}
.synthesis ul { margin: 0.3rem 0 0; padding-left: 1.2rem; }
.synthesis.rubric ul { color: var(--ink-quiet); }

/* ---- tables ------------------------------------------------------------- */
table { border-collapse: collapse; width: 100%; margin: 1rem 0; font-family: var(--font-ui); font-size: 0.92rem;
  background: var(--surface); border: 1px solid var(--border); border-radius: var(--r-card); overflow: hidden; box-shadow: var(--shadow); }
th, td { padding: 0.7rem 0.9rem; text-align: left; border-bottom: 1px solid var(--border); }
tbody tr:last-child td { border-bottom: none; }
tbody tr:hover td { background: color-mix(in srgb, var(--accent) 5%, transparent); }
th {
  background: var(--brand-bg); color: var(--brand-ink);
  font-family: var(--font-display); font-weight: 600;
  text-transform: uppercase; letter-spacing: 0.03em; font-size: 0.72rem; border-bottom: none;
}
td.num { text-align: right; font-variant-numeric: tabular-nums; }
tbody tr.row-winner td { background: color-mix(in srgb, var(--accent) 9%, transparent); }
tbody tr.row-winner:hover td { background: color-mix(in srgb, var(--accent) 13%, transparent); }
tbody tr.row-degenerate { opacity: 0.6; }

/* ---- badges ------------------------------------------------------------- */
.badge {
  display: inline-flex; align-items: center;
  font-family: var(--font-display); font-weight: 600;
  padding: 0.16rem 0.65rem; border-radius: var(--r-full); font-size: 0.74rem;
  text-transform: uppercase; letter-spacing: 0.04em;
}
.badge.ok { color: var(--ok); background: var(--ok-soft); }
.badge.err { color: var(--err); background: var(--err-soft); }
.badge.warn { color: var(--warn); background: var(--warn-soft); }

/* ---- evaluation params -------------------------------------------------- */
.params { margin: 1rem 0; }
.params dl { display: grid; grid-template-columns: max-content 1fr; gap: 0.4rem 1.2rem; margin: 0.5rem 0 0; }
.params dt { font-family: var(--font-display); font-weight: 600; font-size: 0.85rem; color: var(--ink-quiet); }
.params dd { margin: 0; min-width: 0; }
.params dd ol { margin: 0; padding-left: 1.2rem; }
.params-note { color: var(--ink-quiet); font-size: 0.82rem; margin: 0.7rem 0 0; }

/* ---- criteria / efficiency matrix --------------------------------------- */
table.matrix { table-layout: fixed; font-family: var(--font-ui); font-size: 0.88rem; }
table.matrix th, table.matrix td { padding: 0.6rem 0.85rem; text-align: left; vertical-align: top; word-break: break-word; }
table.matrix thead th {
  background: var(--brand-bg); color: var(--brand-ink);
  font-family: var(--font-display); text-transform: uppercase; letter-spacing: 0.03em; font-size: 0.72rem;
}
table.matrix th:first-child, table.matrix td.crit { width: 30%; }
table.matrix td.crit { font-size: 0.86rem; color: var(--ink); }
table.matrix td.lvl .mark { font-weight: 800; margin-right: 0.4rem; }
table.matrix td.lvl .obs { color: var(--ink); }
table.matrix td.lvl.ok { background: color-mix(in srgb, var(--ok) 14%, transparent); }
table.matrix td.lvl.ok .mark { color: var(--ok); }
table.matrix td.lvl.warn { background: color-mix(in srgb, var(--warn) 16%, transparent); }
table.matrix td.lvl.warn .mark { color: var(--warn); }
table.matrix td.lvl.ko { background: color-mix(in srgb, var(--err) 14%, transparent); }
table.matrix td.lvl.ko .mark { color: var(--err); }
table.matrix td.lvl.na .mark { color: var(--ink-quiet); }
table.matrix tfoot td { font-weight: 700; background: var(--surface2); border-top: 2px solid var(--border-strong); }
table.matrix tfoot td.scorerow { text-align: right; font-variant-numeric: tabular-nums; }
table.matrix thead th .runs { font-family: var(--font-ui); font-weight: 400; text-transform: none; letter-spacing: 0; opacity: 0.7; font-size: 0.85em; }
table.matrix tfoot td .spread { color: var(--ink-faint); font-weight: 400; font-size: 0.85em; }
.mark.ok-fg { color: var(--ok); font-weight: 800; }
.mark.ko-fg { color: var(--err); font-weight: 800; }

/* ---- verdict cards ------------------------------------------------------ */
.verdicts { display: grid; grid-template-columns: repeat(auto-fit, minmax(280px, 1fr)); gap: 1rem; margin: 1rem 0; }
.verdict {
  background: var(--surface); border: 1px solid var(--border);
  border-top: 4px solid var(--accent); border-radius: var(--r-card);
  padding: 1rem 1.15rem; box-shadow: var(--shadow);
}
.verdict h3 { margin: 0.1rem 0 0.6rem; font-size: 1.05rem; display: flex; align-items: center; gap: 0.5rem; }
.verdict .score {
  margin-left: auto; background: var(--accent); color: var(--accent-ink);
  font-family: var(--font-display); font-weight: 700; font-size: 0.8rem;
  padding: 0.15rem 0.6rem; border-radius: var(--r-full); font-variant-numeric: tabular-nums;
}
.verdict-spread { margin: 0 0 0.5rem; color: var(--ink-quiet); font-family: var(--font-ui); font-size: 0.8rem; font-variant-numeric: tabular-nums; }
.verdict-line { margin: 0.2rem 0 0.6rem; }
.verdict ul.checks { margin: 0.6rem 0 0.2rem; padding: 0.6rem 0 0; list-style: none; border-top: 1px solid var(--border); }
.verdict ul.checks li { margin: 0.25rem 0; padding-left: 1.5rem; text-indent: -1.5rem; }
.verdict ul.checks li.ok::before { content: "\2713"; color: var(--ok); font-weight: 800; margin-right: 0.6rem; }
.verdict ul.checks li.ko::before { content: "\2717"; color: var(--err); font-weight: 800; margin-right: 0.6rem; }
.verdict ul.checks li.warn::before { content: "\7e"; color: var(--warn); font-weight: 800; margin-right: 0.6rem; }
.verdict ul.checks .stat { color: var(--ink-quiet); font-size: 0.8rem; }
.reco { margin-top: 0; }
.reco ul { margin: 0.5rem 0 0.2rem; padding-left: 1.2rem; }
.reco p { margin: 0.4rem 0 0.2rem; }

/* ---- file trees --------------------------------------------------------- */
.ftrees { display: grid; grid-template-columns: repeat(auto-fit, minmax(240px, 1fr)); gap: 1rem; margin: 1rem 0; }
.ftree-card {
  background: var(--surface); border: 1px solid var(--border); border-radius: var(--r-card);
  padding: 0.9rem 1.1rem; min-width: 0; overflow-x: auto; box-shadow: var(--shadow);
}
.ftree-card h3 { margin: 0 0 0.6rem; font-size: 0.98rem; }
ul.ftree { list-style: none; margin: 0; padding-left: 0.9rem; font-family: var(--font-mono); font-size: 0.8rem; line-height: 1.6; }
.ftree li.dir { font-weight: 600; }
.ftree li.file.added { color: var(--add-fg); }
.ftree li.file.removed { color: var(--del-fg); text-decoration: line-through; }
.ftree li.file.added::before { content: "+ "; }
.ftree li.file.removed::before { content: "− "; }
.ftree li.file.modified::before { content: "~ "; color: var(--ink-quiet); }
.ftree-legend { color: var(--ink-quiet); font-size: 0.85rem; }
.ftree-legend .added { color: var(--add-fg); }
.ftree-legend .removed { color: var(--del-fg); }

/* ---- side-by-side comparison -------------------------------------------- */
.sxs-controls { display: flex; gap: 1.2rem; flex-wrap: wrap; margin: 1rem 0; align-items: center; }
.sxs-controls label {
  color: var(--ink-quiet); font-family: var(--font-display); font-size: 0.75rem;
  text-transform: uppercase; letter-spacing: 0.03em; display: flex; gap: 0.5rem; align-items: center;
}
.sxs-controls select {
  font-family: var(--font-ui); font-size: 0.9rem; text-transform: none; letter-spacing: 0;
  padding: 0.4rem 0.6rem; background: var(--surface2); color: var(--ink);
  border: 1px solid var(--border-strong); border-radius: var(--r-ctl); cursor: pointer;
}
.sxs-file {
  background: var(--surface); border: 1px solid var(--border); border-radius: var(--r-card);
  margin: 1rem 0; overflow: hidden; box-shadow: var(--shadow);
}
.sxs-head {
  background: var(--surface2); padding: 0.6rem 0.95rem; border-bottom: 1px solid var(--border);
  display: flex; align-items: center; gap: 0.7rem;
}
.ftag {
  color: var(--ink-quiet); font-family: var(--font-display); font-weight: 600; font-size: 0.68rem;
  text-transform: uppercase; letter-spacing: 0.04em; border: 1px solid var(--border-strong);
  border-radius: var(--r-full); padding: 0.1rem 0.6rem;
}
.sxs-scroll { overflow-x: auto; }
table.sxs {
  width: 100%; border-collapse: collapse; table-layout: fixed; margin: 0;
  font-family: var(--font-mono); font-size: 0.8rem; line-height: 1.4;
  background: transparent; border: 0; border-radius: 0; box-shadow: none;
}
table.sxs td { padding: 0 0.6rem; border: 0; vertical-align: top; white-space: pre-wrap; word-break: break-word; }
table.sxs td.ln { width: 3rem; text-align: right; color: var(--ink-faint); user-select: none; white-space: nowrap; overflow: hidden; padding: 0 0.5rem; }
table.sxs td.code.left { border-right: 1px solid var(--border); }
table.sxs tr:hover td { background: transparent; }
/* A line present on only one side is an addition on that side (green); a line
   that differs between the two configs is highlighted amber on both sides. */
table.sxs tr.del td.left { background: var(--add-bg); color: var(--add-fg); }
table.sxs tr.add td.right { background: var(--add-bg); color: var(--add-fg); }
table.sxs tr.chg td.left, table.sxs tr.chg td.right { background: var(--chg-bg); color: var(--chg-fg); }

/* ---- detail cards ------------------------------------------------------- */
.card {
  background: var(--surface); border: 1px solid var(--border); border-radius: var(--r-card);
  margin: 1.2rem 0; overflow: hidden; box-shadow: var(--shadow);
}
.card > header { background: var(--surface2); padding: 0.8rem 1.1rem; display: flex; align-items: center; gap: 0.8rem; border-bottom: 1px solid var(--border); }
.card > header h3 { margin: 0; font-size: 1.05rem; }
.card > header .spacer { flex: 1; }
.card > header .stat { color: var(--ink-quiet); font-family: var(--font-ui); font-size: 0.85rem; font-variant-numeric: tabular-nums; }
.card .body { padding: 0.4rem 1.1rem 1.1rem; }
.card-info { min-width: 0; }
.card-info > :first-child { margin-top: 0; }
.result p { margin: 0.6rem 0; }
.result p:first-child { margin-top: 0.4rem; }
.result ul { margin: 0.6rem 0; padding-left: 1.2rem; }
h4.detail-sub { font-family: var(--font-display); font-size: 0.9rem; margin: 1rem 0 0.4rem; }
ul.checklist { list-style: none; margin: 0.3rem 0 0; padding: 0; }
ul.checklist li { padding: 0.15rem 0; }
ul.checklist li.ok::before { content: "\2713"; color: var(--ok); font-weight: 800; margin-right: 0.6rem; }
ul.checklist li.ko::before { content: "\2717"; color: var(--err); font-weight: 800; margin-right: 0.6rem; }
ul.checklist li .stat { color: var(--ink-quiet); font-family: var(--font-mono); font-size: 0.8rem; }
p.tool-summary { font-family: var(--font-mono); font-size: 0.82rem; color: var(--ink-quiet); }

/* ---- buttons ------------------------------------------------------------ */
form.apply { margin: 1rem 0 0; }
button.primary {
  font-family: var(--font-display); font-weight: 600; font-size: 0.9rem; border: none;
  background: var(--accent); color: var(--accent-ink); border-radius: var(--r-ctl);
  padding: 0.6rem 1.1rem; cursor: pointer; box-shadow: 0 8px 22px -12px var(--accent);
}
button.primary:hover { filter: brightness(1.06); }
button.export-config {
  font-family: var(--font-ui); font-size: 0.85rem; border: 1px solid var(--border-strong);
  background: var(--surface2); color: var(--ink); border-radius: var(--r-ctl); padding: 0.45rem 0.8rem; cursor: pointer;
}
button.export-config:hover { border-color: var(--accent); }

/* ---- export dialog ------------------------------------------------------ */
dialog.picker {
  border: 1px solid var(--border-strong); border-radius: var(--r-card); padding: 1.1rem;
  max-width: 560px; width: 90vw; color: var(--ink); background: var(--surface); box-shadow: var(--shadow);
}
dialog.picker::backdrop { background: rgba(0, 0, 0, 0.55); }
.picker-head { display: flex; align-items: center; justify-content: space-between; margin-bottom: 0.6rem; }
.picker-head button { border: 0; background: none; font-size: 1.3rem; line-height: 1; cursor: pointer; color: var(--ink); }
.picker-list { list-style: none; margin: 0.4rem 0; padding: 0; max-height: 50vh; overflow-y: auto; font-family: var(--font-mono); font-size: 0.82rem; }
.picker-list li { padding: 0.14rem 0; }
.picker-list li.err { color: var(--err); }
.cfg-all { display: block; font-family: var(--font-ui); font-size: 0.85rem; font-weight: 600; margin-bottom: 0.3rem; }
.picker-actions { display: flex; justify-content: flex-end; margin-top: 0.7rem; }

.muted { color: var(--ink-quiet); }
.empty { color: var(--ink-quiet); font-style: italic; }

/* ---- layout : content + sticky TOC (hidden below ~1080px) --------------- */
.grid-2 { display: grid; gap: 0.8rem 2rem; grid-template-columns: repeat(auto-fit, minmax(380px, 1fr)); align-items: start; margin: 2.6rem 0 0; }
.grid-2 > section { min-width: 0; }
.grid-2 > section > h2:first-child { margin-top: 0; }
.grid-2.tight { margin: 1.4rem 0; }
.layout { display: grid; grid-template-columns: minmax(0, 1fr); gap: 2.5rem; }
main { min-width: 0; }
main > :first-child { margin-top: 0; }
.toc { display: none; }
@media (min-width: 1080px) {
  .layout { grid-template-columns: minmax(0, 1fr) 15rem; }
  .toc { display: block; }
}
.toc-inner { position: sticky; top: 5rem; }
.toc-title { font-family: var(--font-display); text-transform: uppercase; letter-spacing: 0.05em; font-size: 0.72rem; color: var(--ink-faint); margin: 0 0 0.7rem; }
.toc nav { display: flex; flex-direction: column; border-left: 2px solid var(--border); }
.toc nav a { color: var(--ink-quiet); text-decoration: none; font-size: 0.85rem; line-height: 1.3; padding: 0.3rem 0 0.3rem 0.85rem; margin-left: -2px; border-left: 2px solid transparent; }
.toc nav a:hover { color: var(--ink); }
.toc nav a.active { color: var(--ink); font-weight: 600; border-left-color: var(--accent); }

:focus-visible { outline: 2px solid var(--focus); outline-offset: 2px; }
@media (prefers-reduced-motion: reduce) { * { transition: none !important; animation: none !important; } }
</style>
</head>
<body>
<header class="topbar">
  <span class="brand"><span class="logo">b</span><span class="name">benchy</span></span>
  <span class="root">rapport</span>
  <span class="spacer"></span>
  
  <button type="button" id="theme-toggle" class="theme-toggle" title="Basculer le thème">☀</button>
</header>
<div class="page">
<p class="eyebrow">Rapport · 2026-07-16 22:40:00 CEST</p>
<h1>Rapport claude-benchy</h1>
<p class="meta-list"><strong>Généré :</strong> 2026-07-16 22:40:00 CEST &nbsp;·&nbsp; <strong>App :</strong> <code>/tmp/app</code></p>

<div class="layout">
<main>

<div class="grid-2 tight">
<section>
<h2 id="prompt">Prompt</h2>
<div class="prompt">Écris les tests unitaires manquants.</div>
</section>
<section>
<h2 id="synthese">Synthèse</h2>
<ul class="synthesis">
<li>Plus économique : <strong>vanilla</strong> ($0.5000).</li>
<li>Plus rapide : <strong>vanilla</strong> (120.0s).</li>
<li>Changements les plus étendus : <strong>vanilla</strong> (3 fichier(s), +100/-0).</li>
<li>Runs sans effet, écartés des classements : vanilla.</li>
</ul>
</section>
</div>

<h2 id="comparaison">Comparaison</h2>
<table>
<thead>
<tr><th>Config</th><th>Modèle</th><th>Statut</th><th>Checks</th><th>Tours</th><th>Outils</th><th>Coût</th><th>Durée</th><th>Fichiers</th><th>+Lignes</th><th>-Lignes</th></tr>
</thead>
<tbody>
<tr class="row-degenerate">
<td>vanilla</td>
<td>sonnet</td>
<td><span class="badge warn">sans effet</span></td>
<td class="num">—</td>
<td class="num">1</td>
<td class="num">0</td>
<td class="num">$0.0700</td>
<td class="num">8.5s</td>
<td class="num">0</td>
<td class="num">0</td>
<td class="num">0</td>
</tr>
<tr class="row-winner">
<td>vanilla · run 2</td>
<td>sonnet</td>
<td><span class="badge ok">ok</span></td>
<td class="num">2/2</td>
<td class="num">21</td>
<td class="num">20</td>
<td class="num">$0.5000</td>
<td class="num">120.0s</td>
<td class="num">3</td>
<td class="num">100</td>
<td class="num">0</td>
</tr>
<tr class="row-winner">
<td>vanilla · run 3</td>
<td>sonnet</td>
<td><span class="badge ok">ok</span></td>
<td class="num">1/2</td>
<td class="num">23</td>
<td class="num">22</td>
<td class="num">$0.5000</td>
<td class="num">120.0s</td>
<td class="num">3</td>
<td class="num">100</td>
<td class="num">0</td>
</tr>
<tr>
<td>skill</td>
<td>sonnet</td>
<td><span class="badge ok">ok</span></td>
<td class="num">2/2</td>
<td class="num">19</td>
<td class="num">18</td>
<td class="num">$0.5000</td>
<td class="num">120.0s</td>
<td class="num">2</td>
<td class="num">100</td>
<td class="num">0</td>
</tr>
<tr>
<td>skill · run 2</td>
<td>sonnet</td>
<td><span class="badge ok">ok</span></td>
<td class="num">2/2</td>
<td class="num">20</td>
<td class="num">19</td>
<td class="num">$0.5000</td>
<td class="num">120.0s</td>
<td class="num">2</td>
<td class="num">100</td>
<td class="num">0</td>
</tr>
<tr>
<td>skill · run 3</td>
<td>sonnet</td>
<td><span class="badge ok">ok</span></td>
<td class="num">2/2</td>
<td class="num">22</td>
<td class="num">21</td>
<td class="num">$0.5000</td>
<td class="num">120.0s</td>
<td class="num">2</td>
<td class="num">100</td>
<td class="num">0</td>
</tr>
</tbody>
</table>


<h2 id="evaluation">Évaluation de l'attendu</h2>
<p class="meta-list">Chaque <strong>config</strong> est notée <strong>critère par critère</strong> par un juge, sur le fond (pas sur le coût). Le score agrège ses runs exploitables : moyenne, et dispersion min–max qui mesure la divergence entre runs. Les runs sans effet ou en échec sont écartés.</p>

<div class="synthesis params">
<strong>Paramètres d'évaluation</strong>
<dl>
<dt>Juge</dt><dd><code>sonnet</code></dd>
<dt>Critères (rubric)</dt><dd><ol><li>Couvre la logique testable</li><li>Tests idiomatiques (table-driven)</li></ol></dd>
<dt>Vérifications</dt><dd>go test · go vet</dd>
</dl>
<p class="params-note">Définis dans <code>bench.yaml</code> → <code>evaluate.rubric</code> / <code>evaluate.checks</code> / <code>evaluate.model</code>.</p>
</div>
<div class="sxs-scroll">
<table class="matrix">
<thead>
<tr><th>Critère</th><th>vanilla <span class="runs">2 run(s)</span></th><th>skill <span class="runs">3 run(s)</span></th></tr>
</thead>
<tbody>
<tr>
<td class="crit">Couvre la logique testable</td>
<td class="lvl ok"><span class="mark" title="respecté">✓</span><span class="obs">cf. diff</span></td>
<td class="lvl ok"><span class="mark" title="respecté">✓</span><span class="obs">cf. diff</span></td>
</tr>
<tr>
<td class="crit">Tests idiomatiques (table-driven)</td>
<td class="lvl ok"><span class="mark" title="respecté">✓</span><span class="obs">cf. diff</span></td>
<td class="lvl warn"><span class="mark" title="partiel">~</span><span class="obs">cf. diff</span></td>
</tr>
</tbody>
<tfoot>
<tr><td class="crit">Score moyen</td><td class="num scorerow">84/100 <span class="spread">(67–100)</span></td><td class="num scorerow">83/100</td></tr>
</tfoot>
</table>
</div>

<div class="verdicts">
<div class="verdict">
<h3>vanilla <span class="score">84/100</span></h3>
<p class="verdict-spread">2 runs · dispersion 67–100</p>
<p class="verdict-line">Couverture pure et table-driven.</p>
<ul class="checks">
<li class="warn">go test <span class="stat">1/2 run(s)</span></li>
<li class="ok">go vet <span class="stat">2/2 run(s)</span></li>
</ul>
</div>
<div class="verdict">
<h3>skill <span class="score">83/100</span></h3>
<p class="verdict-spread">3 runs · score stable</p>
<p class="verdict-line">Couverture pure, style perfectible.</p>
<ul class="checks">
<li class="ok">go test <span class="stat">3/3 run(s)</span></li>
<li class="ok">go vet <span class="stat">3/3 run(s)</span></li>
</ul>
</div>
</div>
<div class="synthesis reco">
<strong>Recommandation</strong>
<p><strong>vanilla</strong> et <strong>skill</strong> convergent ; le run vanilla sans effet est écarté.</p>
</div>


<h2 id="efficacite">Efficacité (coût &amp; rapidité)</h2>
<p class="meta-list">Chaque axe comparé entre configs : <span class="mark ok-fg">✓</span> le meilleur, <span class="mark ko-fg">✗</span> le moins bon.</p>
<div class="sxs-scroll">
<table class="matrix">
<thead>
<tr><th>Axe</th><th>vanilla · run 2</th><th>vanilla · run 3</th><th>skill</th><th>skill · run 2</th><th>skill · run 3</th></tr>
</thead>
<tbody>
<tr>
<td class="crit">Coût</td>
<td class="lvl na"><span class="obs">$0.5000</span></td>
<td class="lvl na"><span class="obs">$0.5000</span></td>
<td class="lvl na"><span class="obs">$0.5000</span></td>
<td class="lvl na"><span class="obs">$0.5000</span></td>
<td class="lvl na"><span class="obs">$0.5000</span></td>
</tr>
<tr>
<td class="crit">Durée</td>
<td class="lvl na"><span class="obs">120.0s</span></td>
<td class="lvl na"><span class="obs">120.0s</span></td>
<td class="lvl na"><span class="obs">120.0s</span></td>
<td class="lvl na"><span class="obs">120.0s</span></td>
<td class="lvl na"><span class="obs">120.0s</span></td>
</tr>
<tr>
<td class="crit">Tours</td>
<td class="lvl warn"><span class="mark">~</span><span class="obs">21</span></td>
<td class="lvl ko"><span class="mark">✗</span><span class="obs">23</span></td>
<td class="lvl ok"><span class="mark">✓</span><span class="obs">19</span></td>
<td class="lvl warn"><span class="mark">~</span><span class="obs">20</span></td>
<td class="lvl warn"><span class="mark">~</span><span class="obs">22</span></td>
</tr>
<tr>
<td class="crit">Appels d&#39;outils</td>
<td class="lvl warn"><span class="mark">~</span><span class="obs">20</span></td>
<td class="lvl ko"><span class="mark">✗</span><span class="obs">22</span></td>
<td class="lvl ok"><span class="mark">✓</span><span class="obs">18</span></td>
<td class="lvl warn"><span class="mark">~</span><span class="obs">19</span></td>
<td class="lvl warn"><span class="mark">~</span><span class="obs">21</span></td>
</tr>
</tbody>
</table>
</div>
<div class="synthesis reco">
<strong>Recommandations</strong>
<ul>
<li>Meilleur compromis coût / rapidité / directivité : <strong>skill</strong>.</li>
<li>Face à <strong>vanilla · run 2</strong>, les autres configurations coûtent en moyenne +0 % et sont 0 % plus lentes, pour un périmètre de changement comparable.</li>
</ul>
</div>

<h2 id="arbres">Arbres de fichiers</h2>
<p class="meta-list ftree-legend">Vue d'ensemble des fichiers touchés par chaque configuration :
<span class="added">+ ajouté</span> · ~ modifié · <span class="removed">− supprimé</span>.</p>
<div class="ftrees">
<div class="ftree-card">
<h3>vanilla</h3>
<p class="empty">Aucune modification.</p>
</div>
<div class="ftree-card">
<h3>vanilla · run 2</h3>
<ul class="ftree"><li class="file modified">x_test.go</li></ul>
</div>
<div class="ftree-card">
<h3>vanilla · run 3</h3>
<ul class="ftree"><li class="file modified">x_test.go</li></ul>
</div>
<div class="ftree-card">
<h3>skill</h3>
<ul class="ftree"><li class="file modified">x_test.go</li></ul>
</div>
<div class="ftree-card">
<h3>skill · run 2</h3>
<ul class="ftree"><li class="file modified">x_test.go</li></ul>
</div>
<div class="ftree-card">
<h3>skill · run 3</h3>
<ul class="ftree"><li class="file modified">x_test.go</li></ul>
</div>
</div>

<h2 id="cote-a-cote">Comparaison côte à côte</h2>
<p class="meta-list">Code complet des fichiers touchés, deux configurations côte à côte. Une ligne présente d'un seul côté (un ajout de cette config) est surlignée en vert ; une ligne qui diffère entre les deux est surlignée en ambre.</p>
<div class="sxs-controls">
<label>Config gauche <select id="sxs-left"></select></label>
<label>Config droite <select id="sxs-right"></select></label>
</div>
<div id="sxs-body"></div>

<h2 id="detail">Détail par config</h2>
<p class="meta-list">Résultat, vérifications déterministes et application des modifications. Le code produit se consulte dans la <a href="#cote-a-cote">comparaison côte à côte</a>.</p>

<div class="card">
<header>
<h3>vanilla</h3>
<span class="badge warn">sans effet</span>
<span class="spacer"></span>
<span class="stat">8.5s · $0.0700 · 1 tours · +0/-0</span>
</header>
<div class="body">
<div class="card-info">
<p class="meta-list">Artefacts : <code>vanilla/run-1</code></p>
<div class="result"><p>Agent({description: &#34;Survey&#34;, subagent_type: &#34;Explore&#34;})</p></div>
</div>
</div>
</div>

<div class="card">
<header>
<h3>vanilla · run 2</h3>
<span class="badge ok">ok</span>
<span class="spacer"></span>
<span class="stat">120.0s · $0.5000 · 21 tours · +100/-0</span>
</header>
<div class="body">
<div class="card-info">
<p class="meta-list">Artefacts : <code>vanilla/run-2</code></p>
<div class="result"><p>Tests ajoutés.</p></div>
<h4 class="detail-sub">Vérifications</h4>
<ul class="checklist">
<li class="ok">go test</li>
<li class="ok">go vet</li>
</ul>
</div>
</div>
</div>

<div class="card">
<header>
<h3>vanilla · run 3</h3>
<span class="badge ok">ok</span>
<span class="spacer"></span>
<span class="stat">120.0s · $0.5000 · 23 tours · +100/-0</span>
</header>
<div class="body">
<div class="card-info">
<p class="meta-list">Artefacts : <code>vanilla/run-3</code></p>
<div class="result"><p>Tests ajoutés.</p></div>
<h4 class="detail-sub">Vérifications</h4>
<ul class="checklist">
<li class="ko">go test <span class="stat">…FAIL</span></li>
<li class="ok">go vet</li>
</ul>
</div>
</div>
</div>

<div class="card">
<header>
<h3>skill</h3>
<span class="badge ok">ok</span>
<span class="spacer"></span>
<span class="stat">120.0s · $0.5000 · 19 tours · +100/-0</span>
</header>
<div class="body">
<div class="card-info">
<p class="meta-list">Artefacts : <code>skill/run-1</code></p>
<div class="result"><p>Tests ajoutés.</p></div>
<h4 class="detail-sub">Vérifications</h4>
<ul class="checklist">
<li class="ok">go test</li>
<li class="ok">go vet</li>
</ul>
</div>
</div>
</div>

<div class="card">
<header>
<h3>skill · run 2</h3>
<span class="badge ok">ok</span>
<span class="spacer"></span>
<span class="stat">120.0s · $0.5000 · 20 tours · +100/-0</span>
</header>
<div class="body">
<div class="card-info">
<p class="meta-list">Artefacts : <code>skill/run-2</code></p>
<div class="result"><p>Tests ajoutés.</p></div>
<h4 class="detail-sub">Vérifications</h4>
<ul class="checklist">
<li class="ok">go test</li>
<li class="ok">go vet</li>
</ul>
</div>
</div>
</div>

<div class="card">
<header>
<h3>skill · run 3</h3>
<span class="badge ok">ok</span>
<span class="spacer"></span>
<span class="stat">120.0s · $0.5000 · 22 tours · +100/-0</span>
</header>
<div class="body">
<div class="card-info">
<p class="meta-list">Artefacts : <code>skill/run-3</code></p>
<div class="result"><p>Tests ajoutés.</p></div>
<h4 class="detail-sub">Vérifications</h4>
<ul class="checklist">
<li class="ok">go test</li>
<li class="ok">go vet</li>
</ul>
</div>
</div>
</div>


</main>
<aside class="toc">
<div class="toc-inner">
<p class="toc-title">Sur cette page</p>
<nav id="toc-nav">
<a href="#prompt">Prompt</a>
<a href="#synthese">Synthèse</a>
<a href="#comparaison">Comparaison</a>
<a href="#evaluation">Évaluation de l'attendu</a>
<a href="#efficacite">Efficacité</a>
<a href="#arbres">Arbres de fichiers</a>
<a href="#cote-a-cote">Comparaison côte à côte</a>
<a href="#detail">Détail par config</a>
</nav>
</div>
</aside>
</div>
</div>

<script>// A pre-paint snippet inlined in the self-contained report's <head> applies the
// persisted theme; this file only wires the toggle button and keeps its glyph in
// sync.
(function () {
  var KEY = 'benchy-theme';
  var root = document.documentElement;
  var btn = document.getElementById('theme-toggle');
  if (!btn) { return; }

  var mq = window.matchMedia('(prefers-color-scheme: light)');

  function effective() {
    var forced = root.getAttribute('data-theme');
    if (forced) { return forced; }
    return mq.matches ? 'light' : 'dark';
  }

  function paint() {
    var dark = effective() === 'dark';
    btn.textContent = dark ? '☀' : '☾';
    btn.setAttribute('aria-label', dark ? 'Passer au thème clair' : 'Passer au thème sombre');
  }

  btn.addEventListener('click', function () {
    var next = effective() === 'dark' ? 'light' : 'dark';
    root.setAttribute('data-theme', next);
    try { localStorage.setItem(KEY, next); } catch (e) { /* private mode */ }
    paint();
  });

  mq.addEventListener('change', paint);
  paint();
})();
</script>
<script>
var BENCHY_FILES = {"labels":null,"files":{}};
(function () {
  var data = BENCHY_FILES;
  var labels = data.labels || [];
  var left = document.getElementById('sxs-left');
  var right = document.getElementById('sxs-right');
  var body = document.getElementById('sxs-body');

  if (labels.length < 2) {
    body.innerHTML = '<p class="empty">Comparaison indisponible : moins de deux configurations ont produit des fichiers.</p>';
    var controls = document.querySelector('.sxs-controls');
    if (controls) { controls.style.display = 'none'; }
    return;
  }

  labels.forEach(function (l) {
    left.add(new Option(l, l));
    right.add(new Option(l, l));
  });
  left.value = labels[0];
  right.value = labels[1];

  function esc(s) {
    return s.replace(/&/g, '&amp;').replace(/</g, '&lt;').replace(/>/g, '&gt;');
  }

  function toLines(s) {
    if (!s) { return []; }
    var a = s.split('\n');
    if (a.length && a[a.length - 1] === '') { a.pop(); }
    return a;
  }

  function lcsOps(a, b) {
    var n = a.length, m = b.length, ops = [], i, j;
    if (n * m > 4000000) {
      for (i = 0; i < n; i++) { ops.push({ t: 'del', i: i }); }
      for (j = 0; j < m; j++) { ops.push({ t: 'ins', j: j }); }
      return ops;
    }
    var dp = [];
    for (i = 0; i <= n; i++) { dp[i] = new Int32Array(m + 1); }
    for (i = n - 1; i >= 0; i--) {
      for (j = m - 1; j >= 0; j--) {
        dp[i][j] = a[i] === b[j] ? dp[i + 1][j + 1] + 1 : Math.max(dp[i + 1][j], dp[i][j + 1]);
      }
    }
    i = 0; j = 0;
    while (i < n && j < m) {
      if (a[i] === b[j]) { ops.push({ t: 'eq', i: i, j: j }); i++; j++; }
      else if (dp[i + 1][j] >= dp[i][j + 1]) { ops.push({ t: 'del', i: i }); i++; }
      else { ops.push({ t: 'ins', j: j }); j++; }
    }
    while (i < n) { ops.push({ t: 'del', i: i }); i++; }
    while (j < m) { ops.push({ t: 'ins', j: j }); j++; }
    return ops;
  }

  function alignRows(a, b) {
    var ops = lcsOps(a, b), rows = [], ln = 0, rn = 0, pd = [], pi = [];
    function flush() {
      var k = Math.max(pd.length, pi.length), x;
      for (x = 0; x < k; x++) {
        var L = x < pd.length ? { n: ++ln, text: a[pd[x]] } : null;
        var R = x < pi.length ? { n: ++rn, text: b[pi[x]] } : null;
        rows.push({ l: L, r: R, cls: (L && R) ? 'chg' : (L ? 'del' : 'add') });
      }
      pd = []; pi = [];
    }
    ops.forEach(function (op) {
      if (op.t === 'eq') {
        flush();
        rows.push({ l: { n: ++ln, text: a[op.i] }, r: { n: ++rn, text: b[op.j] }, cls: 'eq' });
      } else if (op.t === 'del') { pd.push(op.i); }
      else { pi.push(op.j); }
    });
    flush();
    return rows;
  }

  function cell(side, c) {
    if (!c) { return '<td class="ln"></td><td class="code ' + side + '"></td>'; }
    return '<td class="ln">' + c.n + '</td><td class="code ' + side + '">' + esc(c.text) + '</td>';
  }

  function badge(inL, inR, same) {
    var txt = !inL ? 'droite seulement' : !inR ? 'gauche seulement' : same ? 'identique' : 'divergent';
    return '<span class="ftag">' + txt + '</span>';
  }

  function render() {
    var lf = data.files[left.value] || {}, rf = data.files[right.value] || {};
    var seen = {};
    Object.keys(lf).forEach(function (k) { seen[k] = 1; });
    Object.keys(rf).forEach(function (k) { seen[k] = 1; });
    var keys = Object.keys(seen).sort();
    if (!keys.length) { body.innerHTML = '<p class="empty">Aucun fichier pour ce couple.</p>'; return; }

    var out = '';
    keys.forEach(function (path) {
      var inL = Object.prototype.hasOwnProperty.call(lf, path);
      var inR = Object.prototype.hasOwnProperty.call(rf, path);
      var lc = inL ? lf[path] : '', rc = inR ? rf[path] : '';
      out += '<div class="sxs-file">';
      out += '<div class="sxs-head"><code>' + esc(path) + '</code>' + badge(inL, inR, lc === rc) + '</div>';
      out += '<div class="sxs-scroll"><table class="sxs"><tbody>';
      alignRows(toLines(lc), toLines(rc)).forEach(function (row) {
        out += '<tr class="' + row.cls + '">' + cell('left', row.l) + cell('right', row.r) + '</tr>';
      });
      out += '</tbody></table></div></div>';
    });
    body.innerHTML = out;
  }

  left.addEventListener('change', render);
  right.addEventListener('change', render);
  render();
})();

(function () {
  var links = Array.prototype.slice.call(document.querySelectorAll('#toc-nav a'));
  if (!links.length || !('IntersectionObserver' in window)) { return; }
  var sections = links
    .map(function (a) { return document.getElementById(a.getAttribute('href').slice(1)); })
    .filter(Boolean);
  var current = null;
  function setActive(id) {
    if (id === current) { return; }
    current = id;
    links.forEach(function (a) { a.classList.toggle('active', a.getAttribute('href').slice(1) === id); });
  }
  var observer = new IntersectionObserver(function (entries) {
    entries.forEach(function (e) { if (e.isIntersecting) { setActive(e.target.id); } });
  }, { rootMargin: '0px 0px -75% 0px', threshold: 0 });
  sections.forEach(function (s) { observer.observe(s); });
})();
</script>


</body>
</html>
