<!doctype html>
<html lang="fr">
<head>
<meta charset="utf-8">
<meta name="viewport" content="width=device-width, initial-scale=1">
<title>Rapport claude-benchy</title>
<link rel="preconnect" href="https://fonts.googleapis.com">
<link rel="preconnect" href="https://fonts.gstatic.com" crossorigin>
<link href="https://fonts.googleapis.com/css2?family=Montserrat:ital,wght@0,400;0,500;0,600;0,700;0,800;1,700;1,800&family=Inter:wght@400;500;600&display=swap" rel="stylesheet">
<style>
/* Système de design Gazoline (Motoblouz) : noir/blanc purs, accent jaune
   #f1ab00 employé avec parcimonie, Montserrat, radius anguleux, pas d'ombres.
   Contraintes de contraste respectées : le jaune ne sert jamais de texte sur
   fond clair (yellow-800 ou noir), bordures de contrôle en grey-700. */
:root {
  --mb-yellow-100: #fbe6b3; --mb-yellow-500: #f1ab00; --mb-yellow-600: #d99a00;
  --mb-yellow-700: #c18900; --mb-yellow-800: #a97800;
  --mb-grey-100: #fbfbfb; --mb-grey-200: #f6f6f6; --mb-grey-300: #ececec;
  --mb-grey-400: #d4d4d4; --mb-grey-500: #bdbdbd; --mb-grey-700: #6f6e6e;
  --mb-grey-800: #5e5e5e; --mb-grey-900: #2f2f2f;

  --bg: #ffffff; --surface: #ffffff; --surface-quiet: var(--mb-grey-200);
  --ink: #000000; --ink-quiet: var(--mb-grey-700);
  --border: var(--mb-grey-400); --border-strong: var(--mb-grey-700);
  --accent: var(--mb-yellow-500); --accent-ink: #000000; --accent-text: var(--mb-yellow-800);
  --brand-bg: #000000; --brand-ink: #ffffff;
  --ok: #0f7000; --err: #d70321; --warn: var(--mb-yellow-800); --focus: var(--mb-yellow-500);
  --add-bg: #eaf6ea; --add-fg: #0f6b00; --del-bg: #fdeaec; --del-fg: #a1021a; --hunk: #31708a;
  --chg-bg: #fbe6b3; --chg-fg: #7a5800;

  --r-card: 16px; --r-ctl: 8px; --r-full: 999px;
  --font-display: 'Montserrat', 'Segoe UI', system-ui, -apple-system, sans-serif;
  --font-body: 'Montserrat', 'Segoe UI', system-ui, -apple-system, sans-serif;
  --font-ui: 'Inter', 'Montserrat', system-ui, sans-serif;
  --font-mono: ui-monospace, SFMono-Regular, Menlo, Consolas, monospace;
  color-scheme: light;
}
* { box-sizing: border-box; }
body { font-family: var(--font-body); margin: 0; max-width: none;
  padding: 2.5rem clamp(1.25rem, 3vw, 3rem) 4rem;
  background: var(--bg); color: var(--ink); line-height: 1.55; font-size: 16px;
  -webkit-font-smoothing: antialiased; }
.topbar { display: flex; align-items: baseline; gap: 1rem;
  margin: -2.5rem calc(-1 * clamp(1.25rem, 3vw, 3rem)) 2rem;
  padding: 0.9rem clamp(1.25rem, 3vw, 3rem);
  background: var(--brand-bg); color: var(--brand-ink); }
.topbar .brand { font-family: var(--font-display); font-weight: 800; letter-spacing: 0.02em;
  text-transform: lowercase; font-size: 1.2rem; }
.topbar .brand a { color: inherit; text-decoration: none; }
.topbar .root { color: color-mix(in srgb, var(--brand-ink) 60%, transparent);
  font-size: 0.8rem; font-family: var(--font-mono); }
h1 { font-family: var(--font-display); font-weight: 800; font-style: italic; text-transform: uppercase;
  letter-spacing: -0.01em; line-height: 1.02; font-size: clamp(2.2rem, 6vw, 3.4rem);
  margin: 0 0 0.3rem; text-wrap: balance; }
h1::after { content: ""; display: block; width: 3.5rem; height: 6px; background: var(--accent);
  margin-top: 0.7rem; border-radius: 2px; }
h2 { font-family: var(--font-display); font-weight: 700; letter-spacing: -0.01em; font-size: 1.55rem;
  margin: 3rem 0 0.6rem; padding-bottom: 0.4rem; border-bottom: 2px solid var(--ink); text-wrap: balance; }
h3 { font-family: var(--font-display); font-weight: 600; }
a { color: var(--accent-text); text-underline-offset: 2px; }
.meta-list { color: var(--ink-quiet); font-size: 0.9rem; }
.backlink { margin: 0 0 1rem; font-family: var(--font-ui); font-size: 0.85rem; }
.backlink a { text-decoration: none; font-weight: 600; }
code { font-family: var(--font-mono); background: var(--surface-quiet);
  padding: 0.08rem 0.35rem; border-radius: 4px; font-size: 0.88em; }
.prompt { background: var(--brand-bg); color: var(--brand-ink); border-left: 6px solid var(--accent);
  border-radius: var(--r-card); padding: 1rem 1.2rem; white-space: pre-wrap; font-size: 0.95rem; }
.synthesis { background: var(--surface-quiet); border: 1px solid var(--border);
  border-left: 6px solid var(--accent); border-radius: var(--r-card); padding: 0.7rem 1.4rem; }
.synthesis li { margin: 0.3rem 0; }
table { border-collapse: collapse; width: 100%; margin: 1rem 0; font-family: var(--font-ui); font-size: 0.92rem; }
th, td { border: 1px solid var(--border); padding: 0.5rem 0.75rem; text-align: left; }
th { background: var(--ink); color: var(--bg); font-family: var(--font-display); font-weight: 600;
  text-transform: uppercase; letter-spacing: 0.03em; font-size: 0.76rem; }
td.num { text-align: right; font-variant-numeric: tabular-nums; }
.badge { font-family: var(--font-display); font-weight: 700; padding: 0.12rem 0.6rem;
  border-radius: var(--r-full); font-size: 0.78rem; }
.badge.ok { color: var(--ok); background: color-mix(in srgb, var(--ok) 16%, transparent); }
.badge.err { color: var(--err); background: color-mix(in srgb, var(--err) 16%, transparent); }
.badge.warn { color: var(--warn); background: color-mix(in srgb, var(--warn) 18%, transparent); }
.synthesis > strong { font-family: var(--font-display); text-transform: uppercase; letter-spacing: 0.05em;
  font-size: 0.8rem; display: inline-block; margin-bottom: 0.3rem; }
.synthesis ul { margin: 0.3rem 0 0; padding-left: 1.2rem; }
.synthesis.rubric ul { color: var(--ink-quiet); }
.ranking { margin: 0; }
.ranking ol { margin: 0.3rem 0 0; padding-left: 0; list-style: none; counter-reset: rank; }
.ranking ol li { counter-increment: rank; font-family: var(--font-display); font-weight: 700;
  margin: 0.35rem 0; padding-left: 2.3rem; position: relative; }
.ranking ol li::before { content: counter(rank); position: absolute; left: 0; top: -0.05rem;
  width: 1.6rem; height: 1.6rem; border-radius: var(--r-full); background: var(--ink); color: var(--bg);
  font-size: 0.82rem; display: flex; align-items: center; justify-content: center; }
.ranking ol li:first-child::before { background: var(--accent); color: var(--accent-ink); }
.reco { margin-top: 0; }
.reco ul { margin: 0.5rem 0 0.2rem; padding-left: 1.2rem; }
.reco p { margin: 0.4rem 0 0.2rem; }
/* Two-column rows to use the full width on normal screens (single column below ~800px). */
.grid-2 { display: grid; gap: 0.8rem 2rem; grid-template-columns: repeat(auto-fit, minmax(380px, 1fr));
  align-items: start; margin: 3rem 0 0; }
.grid-2 > section { min-width: 0; }
.grid-2 > section > h2:first-child { margin-top: 0; }
.grid-2.tight { margin: 1rem 0; }
.verdicts { display: grid; grid-template-columns: repeat(auto-fit, minmax(280px, 1fr)); gap: 1rem; margin: 1rem 0; }
.verdict { background: var(--surface); border: 1px solid var(--border); border-top: 4px solid var(--ink);
  border-radius: var(--r-card); padding: 0.8rem 1.1rem; }
.verdict h3 { margin: 0.1rem 0 0.6rem; font-size: 1.05rem; display: flex; align-items: center; gap: 0.5rem; }
.verdict .score { margin-left: auto; background: var(--accent); color: var(--accent-ink); font-weight: 700;
  font-size: 0.8rem; padding: 0.12rem 0.55rem; border-radius: var(--r-full); font-variant-numeric: tabular-nums; }
.verdict-spread { margin: 0 0 0.5rem; color: var(--ink-quiet); font-family: var(--font-ui); font-size: 0.8rem;
  font-variant-numeric: tabular-nums; }
.verdict-line { margin: 0.2rem 0 0.6rem; }
.verdict ul { margin: 0.3rem 0; padding-left: 0; list-style: none; }
.verdict li { margin: 0.25rem 0; padding-left: 1.5rem; text-indent: -1.5rem; }
.verdict ul.pros li::before { content: "\2713"; color: var(--ok); font-weight: 800; margin-right: 0.6rem; }
.verdict ul.cons li::before { content: "\2717"; color: var(--err); font-weight: 800; margin-right: 0.6rem; }
.verdict ul.checks { margin: 0.6rem 0 0.2rem; padding-top: 0.6rem; border-top: 1px solid var(--border); }
.verdict ul.checks li.ok::before { content: "\2713"; color: var(--ok); font-weight: 800; margin-right: 0.6rem; }
.verdict ul.checks li.ko::before { content: "\2717"; color: var(--err); font-weight: 800; margin-right: 0.6rem; }
.verdict ul.checks li.warn::before { content: "\7e"; color: var(--warn); font-weight: 800; margin-right: 0.6rem; }
.verdict ul.checks .stat { color: var(--ink-quiet); font-size: 0.8rem; }
.params { margin: 1rem 0; }
.params dl { display: grid; grid-template-columns: max-content 1fr; gap: 0.35rem 1.2rem; margin: 0.5rem 0 0; }
.params dt { font-family: var(--font-display); font-weight: 600; font-size: 0.85rem; color: var(--ink-quiet); }
.params dd { margin: 0; min-width: 0; }
.params dd ol { margin: 0; padding-left: 1.2rem; }
.params-note { color: var(--ink-quiet); font-size: 0.82rem; margin: 0.7rem 0 0; }
table.matrix { border-collapse: collapse; width: 100%; table-layout: fixed; margin: 1rem 0;
  font-family: var(--font-ui); font-size: 0.88rem; }
table.matrix th, table.matrix td { border: 1px solid var(--border); padding: 0.5rem 0.8rem;
  text-align: left; vertical-align: top; word-break: break-word; }
table.matrix thead th { background: var(--ink); color: var(--bg); font-family: var(--font-display);
  text-transform: uppercase; letter-spacing: 0.03em; font-size: 0.76rem; }
table.matrix th:first-child, table.matrix td.crit { width: 26%; }
table.matrix td.crit { font-size: 0.86rem; color: var(--ink); }
table.matrix td.lvl .mark { font-weight: 800; margin-right: 0.4rem; }
table.matrix td.lvl .obs { color: var(--ink); }
table.matrix td.lvl.ok { background: color-mix(in srgb, var(--ok) 10%, transparent); }
table.matrix td.lvl.ok .mark { color: var(--ok); }
table.matrix td.lvl.warn { background: color-mix(in srgb, var(--accent) 14%, transparent); }
table.matrix td.lvl.warn .mark { color: var(--warn); }
table.matrix td.lvl.ko { background: color-mix(in srgb, var(--err) 10%, transparent); }
table.matrix td.lvl.ko .mark { color: var(--err); }
table.matrix td.lvl.na .mark { color: var(--ink-quiet); }
table.matrix tfoot td { font-weight: 700; background: var(--surface-quiet); }
table.matrix tfoot td.scorerow { text-align: right; font-variant-numeric: tabular-nums; }
table.matrix thead th .runs { font-family: var(--font-ui); font-weight: 400; text-transform: none;
  letter-spacing: 0; opacity: 0.7; font-size: 0.85em; }
table.matrix tfoot td .spread { color: var(--ink-quiet); font-weight: 400; font-size: 0.85em; }
.mark.ok-fg { color: var(--ok); font-weight: 800; }
.mark.ko-fg { color: var(--err); font-weight: 800; }
.card { border: 1px solid var(--border); border-radius: var(--r-card); margin: 1.2rem 0; overflow: hidden; }
.card > header { background: var(--surface-quiet); padding: 0.7rem 1rem; display: flex; align-items: center;
  gap: 0.8rem; border-bottom: 1px solid var(--border); }
.card > header h3 { margin: 0; font-size: 1.05rem; }
.card > header .spacer { flex: 1; }
.card > header .stat { color: var(--ink-quiet); font-family: var(--font-ui); font-size: 0.85rem;
  font-variant-numeric: tabular-nums; }
.card .body { padding: 0.2rem 1rem 1rem; }
.card-info { min-width: 0; }
.card-info > :first-child { margin-top: 0; }
.result p { margin: 0.6rem 0; }
.result p:first-child { margin-top: 0.4rem; }
.result ul { margin: 0.6rem 0; padding-left: 1.2rem; }
h4.detail-sub { font-family: var(--font-display); font-size: 0.9rem; margin: 1rem 0 0.4rem; }
ul.checklist { list-style: none; margin: 0.3rem 0 0; padding: 0; }
ul.checklist li { padding: 0.15rem 0; }
ul.checklist li.ok::before { content: "\2713"; color: var(--ok); font-weight: 800; margin-right: 0.6rem; }
ul.checklist li.ko::before { content: "\2717"; color: var(--err); font-weight: 800; margin-right: 0.6rem; }
ul.checklist li .stat { color: var(--ink-quiet); font-family: var(--font-mono); font-size: 0.8rem; }
p.tool-summary { font-family: var(--font-mono); font-size: 0.82rem; }
form.apply { margin: 1rem 0 0; }
.sxs-controls { display: flex; gap: 1.2rem; flex-wrap: wrap; margin: 1rem 0; align-items: center; }
.sxs-controls label { color: var(--ink-quiet); font-family: var(--font-display); font-size: 0.78rem;
  text-transform: uppercase; letter-spacing: 0.03em; display: flex; gap: 0.5rem; align-items: center; }
.sxs-controls select { font-family: var(--font-ui); font-size: 0.9rem; text-transform: none; letter-spacing: 0;
  padding: 0.35rem 0.5rem; background: var(--surface); color: var(--ink);
  border: 2px solid var(--border-strong); border-radius: var(--r-ctl); }
.sxs-file { border: 1px solid var(--border); border-radius: var(--r-card); margin: 1rem 0; overflow: hidden; }
.sxs-head { background: var(--surface-quiet); padding: 0.55rem 0.9rem; border-bottom: 1px solid var(--border);
  display: flex; align-items: center; gap: 0.7rem; }
.ftag { color: var(--ink-quiet); font-family: var(--font-display); font-weight: 600; font-size: 0.72rem;
  text-transform: uppercase; letter-spacing: 0.04em; border: 1px solid var(--border-strong);
  border-radius: var(--r-full); padding: 0.08rem 0.55rem; }
.sxs-scroll { overflow-x: auto; }
table.sxs { width: 100%; border-collapse: collapse; table-layout: fixed; margin: 0;
  font-family: var(--font-mono); font-size: 0.8rem; line-height: 1.35; }
table.sxs td { padding: 0 0.6rem; border: 0; vertical-align: top; white-space: pre-wrap; word-break: break-word; }
table.sxs td.ln { width: 3rem; text-align: right; color: var(--ink-quiet); user-select: none;
  white-space: nowrap; overflow: hidden; padding: 0 0.5rem; }
table.sxs td.code.left { border-right: 1px solid var(--border); }
/* A line present on only one side is an addition on that side (green); a line
   that differs between the two configs is highlighted amber on both sides. */
table.sxs tr.del td.left { background: var(--add-bg); color: var(--add-fg); }
table.sxs tr.add td.right { background: var(--add-bg); color: var(--add-fg); }
table.sxs tr.chg td.left, table.sxs tr.chg td.right { background: var(--chg-bg); color: var(--chg-fg); }
.ftrees { display: grid; grid-template-columns: repeat(auto-fit, minmax(240px, 1fr)); gap: 1rem; margin: 1rem 0; }
.ftree-card { border: 1px solid var(--border); border-radius: var(--r-ctl); padding: 0.6rem 0.9rem; min-width: 0; overflow-x: auto; }
.ftree-card h3 { margin: 0 0 0.5rem; font-size: 0.95rem; }
ul.ftree { list-style: none; margin: 0; padding-left: 0.9rem; font-family: var(--font-mono); font-size: 0.8rem; line-height: 1.5; }
.ftree li.dir { font-weight: 600; }
.ftree li.file.added { color: var(--add-fg); }
.ftree li.file.removed { color: var(--del-fg); text-decoration: line-through; }
.ftree li.file.added::before { content: "+ "; }
.ftree li.file.removed::before { content: "− "; }
.ftree li.file.modified::before { content: "~ "; color: var(--ink-quiet); }
.ftree-legend { color: var(--ink-quiet); font-size: 0.85rem; }
.ftree-legend .added { color: var(--add-fg); } .ftree-legend .removed { color: var(--del-fg); }
button.primary { font-family: var(--font-ui); font-weight: 600; font-size: 0.85rem; border: 1px solid var(--border-strong);
  background: var(--accent); color: var(--accent-ink); border-radius: var(--r-ctl); padding: 0.4rem 0.8rem; cursor: pointer; }
button.export-config { font-family: var(--font-ui); font-size: 0.85rem; border: 1px solid var(--border-strong);
  background: var(--surface); color: var(--ink); border-radius: var(--r-ctl); padding: 0.35rem 0.7rem; cursor: pointer; }
dialog.picker { border: 1px solid var(--border-strong); border-radius: var(--r-card); padding: 1rem; max-width: 560px; width: 90vw; color: var(--ink); background: var(--surface); }
dialog.picker::backdrop { background: rgba(0, 0, 0, 0.4); }
.picker-head { display: flex; align-items: center; justify-content: space-between; margin-bottom: 0.6rem; }
.picker-head button { border: 0; background: none; font-size: 1.3rem; line-height: 1; cursor: pointer; color: var(--ink); }
.picker-list { list-style: none; margin: 0.4rem 0; padding: 0; max-height: 50vh; overflow-y: auto; font-family: var(--font-mono); font-size: 0.82rem; }
.picker-list li { padding: 0.12rem 0; }
.picker-actions { display: flex; justify-content: flex-end; margin-top: 0.7rem; }
.cfg-all { display: block; font-family: var(--font-ui); font-size: 0.85rem; font-weight: 600; margin-bottom: 0.3rem; }
.empty { color: var(--ink-quiet); font-style: italic; }
/* Layout : contenu + sommaire latéral droit collant (masqué sous ~1080px). */
.layout { display: grid; grid-template-columns: minmax(0, 1fr); gap: 2.5rem; }
main { min-width: 0; }
main > :first-child { margin-top: 0; }
.toc { display: none; }
@media (min-width: 1080px) {
  .layout { grid-template-columns: minmax(0, 1fr) 15rem; }
  .toc { display: block; }
}
.toc-inner { position: sticky; top: 1.5rem; }
.toc-title { font-family: var(--font-display); text-transform: uppercase; letter-spacing: 0.05em;
  font-size: 0.72rem; color: var(--ink-quiet); margin: 0 0 0.7rem; }
.toc nav { display: flex; flex-direction: column; border-left: 2px solid var(--border); }
.toc nav a { color: var(--ink-quiet); text-decoration: none; font-size: 0.85rem; line-height: 1.3;
  padding: 0.3rem 0 0.3rem 0.85rem; margin-left: -2px; border-left: 2px solid transparent; }
.toc nav a:hover { color: var(--ink); }
.toc nav a.active { color: var(--ink); font-weight: 600; border-left-color: var(--accent); }
h2 { scroll-margin-top: 1.2rem; }
:focus-visible { outline: 3px solid var(--focus); outline-offset: 2px; }
@media (prefers-reduced-motion: reduce) { * { transition: none !important; animation: none !important; } }
</style>
</head>
<body>
<header class="topbar">
  <span class="brand">benchy</span>
  <span class="root">rapport</span>
</header>
<h1>Rapport claude-benchy</h1>
<p class="meta-list"><strong>Généré :</strong> 2026-07-16 22:40:00 CEST &nbsp;·&nbsp; <strong>App :</strong> <code>/tmp/app</code></p>

<div class="layout">
<main>

<div class="grid-2 tight">
<section>
<h2 id="prompt">Prompt</h2>
<div class="prompt">Écris les tests unitaires manquants.</div>
</section>
<section>
<h2 id="synthese">Synthèse</h2>
<ul class="synthesis">
<li>Plus économique : <strong>vanilla</strong> ($0.5000).</li>
<li>Plus rapide : <strong>vanilla</strong> (120.0s).</li>
<li>Changements les plus étendus : <strong>vanilla</strong> (3 fichier(s), +100/-0).</li>
<li>Runs sans effet, écartés des classements : vanilla.</li>
</ul>
</section>
</div>

<h2 id="comparaison">Comparaison</h2>
<table>
<thead>
<tr><th>Config</th><th>Modèle</th><th>Statut</th><th>Checks</th><th>Tours</th><th>Outils</th><th>Coût</th><th>Durée</th><th>Fichiers</th><th>+Lignes</th><th>-Lignes</th></tr>
</thead>
<tbody>
<tr>
<td>vanilla</td>
<td>sonnet</td>
<td><span class="badge warn">sans effet</span></td>
<td class="num">—</td>
<td class="num">1</td>
<td class="num">0</td>
<td class="num">$0.0700</td>
<td class="num">8.5s</td>
<td class="num">0</td>
<td class="num">0</td>
<td class="num">0</td>
</tr>
<tr>
<td>vanilla · run 2</td>
<td>sonnet</td>
<td><span class="badge ok">ok</span></td>
<td class="num">2/2</td>
<td class="num">21</td>
<td class="num">20</td>
<td class="num">$0.5000</td>
<td class="num">120.0s</td>
<td class="num">3</td>
<td class="num">100</td>
<td class="num">0</td>
</tr>
<tr>
<td>vanilla · run 3</td>
<td>sonnet</td>
<td><span class="badge ok">ok</span></td>
<td class="num">1/2</td>
<td class="num">23</td>
<td class="num">22</td>
<td class="num">$0.5000</td>
<td class="num">120.0s</td>
<td class="num">3</td>
<td class="num">100</td>
<td class="num">0</td>
</tr>
<tr>
<td>skill</td>
<td>sonnet</td>
<td><span class="badge ok">ok</span></td>
<td class="num">2/2</td>
<td class="num">19</td>
<td class="num">18</td>
<td class="num">$0.5000</td>
<td class="num">120.0s</td>
<td class="num">2</td>
<td class="num">100</td>
<td class="num">0</td>
</tr>
<tr>
<td>skill · run 2</td>
<td>sonnet</td>
<td><span class="badge ok">ok</span></td>
<td class="num">2/2</td>
<td class="num">20</td>
<td class="num">19</td>
<td class="num">$0.5000</td>
<td class="num">120.0s</td>
<td class="num">2</td>
<td class="num">100</td>
<td class="num">0</td>
</tr>
<tr>
<td>skill · run 3</td>
<td>sonnet</td>
<td><span class="badge ok">ok</span></td>
<td class="num">2/2</td>
<td class="num">22</td>
<td class="num">21</td>
<td class="num">$0.5000</td>
<td class="num">120.0s</td>
<td class="num">2</td>
<td class="num">100</td>
<td class="num">0</td>
</tr>
</tbody>
</table>


<h2 id="evaluation">Évaluation de l'attendu</h2>
<p class="meta-list">Chaque <strong>config</strong> est notée <strong>critère par critère</strong> par un juge, sur le fond (pas sur le coût). Le score agrège ses runs exploitables : moyenne, et dispersion min–max qui mesure la divergence entre runs. Les runs sans effet ou en échec sont écartés.</p>

<div class="synthesis params">
<strong>Paramètres d'évaluation</strong>
<dl>
<dt>Juge</dt><dd><code>sonnet</code></dd>
<dt>Critères (rubric)</dt><dd><ol><li>Couvre la logique testable</li><li>Tests idiomatiques (table-driven)</li></ol></dd>
<dt>Vérifications</dt><dd>go test · go vet</dd>
</dl>
<p class="params-note">Définis dans <code>bench.yaml</code> → <code>evaluate.rubric</code> / <code>evaluate.checks</code> / <code>evaluate.model</code>.</p>
</div>
<div class="sxs-scroll">
<table class="matrix">
<thead>
<tr><th>Critère</th><th>vanilla <span class="runs">2 run(s)</span></th><th>skill <span class="runs">3 run(s)</span></th></tr>
</thead>
<tbody>
<tr>
<td class="crit">Couvre la logique testable</td>
<td class="lvl ok"><span class="mark" title="respecté">✓</span><span class="obs">cf. diff</span></td>
<td class="lvl ok"><span class="mark" title="respecté">✓</span><span class="obs">cf. diff</span></td>
</tr>
<tr>
<td class="crit">Tests idiomatiques (table-driven)</td>
<td class="lvl ok"><span class="mark" title="respecté">✓</span><span class="obs">cf. diff</span></td>
<td class="lvl warn"><span class="mark" title="partiel">~</span><span class="obs">cf. diff</span></td>
</tr>
</tbody>
<tfoot>
<tr><td class="crit">Score moyen</td><td class="num scorerow">84/100 <span class="spread">(67–100)</span></td><td class="num scorerow">83/100</td></tr>
</tfoot>
</table>
</div>

<div class="verdicts">
<div class="verdict">
<h3>vanilla <span class="score">84/100</span></h3>
<p class="verdict-spread">2 runs · dispersion 67–100</p>
<p class="verdict-line">Couverture pure et table-driven.</p>
<ul class="checks">
<li class="warn">go test <span class="stat">1/2 run(s)</span></li>
<li class="ok">go vet <span class="stat">2/2 run(s)</span></li>
</ul>
</div>
<div class="verdict">
<h3>skill <span class="score">83/100</span></h3>
<p class="verdict-spread">3 runs · score stable</p>
<p class="verdict-line">Couverture pure, style perfectible.</p>
<ul class="checks">
<li class="ok">go test <span class="stat">3/3 run(s)</span></li>
<li class="ok">go vet <span class="stat">3/3 run(s)</span></li>
</ul>
</div>
</div>
<div class="synthesis reco">
<strong>Recommandation</strong>
<p><strong>vanilla</strong> et <strong>skill</strong> convergent ; le run vanilla sans effet est écarté.</p>
</div>


<h2 id="efficacite">Efficacité (coût &amp; rapidité)</h2>
<p class="meta-list">Chaque axe comparé entre configs : <span class="mark ok-fg">✓</span> le meilleur, <span class="mark ko-fg">✗</span> le moins bon.</p>
<div class="sxs-scroll">
<table class="matrix">
<thead>
<tr><th>Axe</th><th>vanilla · run 2</th><th>vanilla · run 3</th><th>skill</th><th>skill · run 2</th><th>skill · run 3</th></tr>
</thead>
<tbody>
<tr>
<td class="crit">Coût</td>
<td class="lvl na"><span class="obs">$0.5000</span></td>
<td class="lvl na"><span class="obs">$0.5000</span></td>
<td class="lvl na"><span class="obs">$0.5000</span></td>
<td class="lvl na"><span class="obs">$0.5000</span></td>
<td class="lvl na"><span class="obs">$0.5000</span></td>
</tr>
<tr>
<td class="crit">Durée</td>
<td class="lvl na"><span class="obs">120.0s</span></td>
<td class="lvl na"><span class="obs">120.0s</span></td>
<td class="lvl na"><span class="obs">120.0s</span></td>
<td class="lvl na"><span class="obs">120.0s</span></td>
<td class="lvl na"><span class="obs">120.0s</span></td>
</tr>
<tr>
<td class="crit">Tours</td>
<td class="lvl warn"><span class="mark">~</span><span class="obs">21</span></td>
<td class="lvl ko"><span class="mark">✗</span><span class="obs">23</span></td>
<td class="lvl ok"><span class="mark">✓</span><span class="obs">19</span></td>
<td class="lvl warn"><span class="mark">~</span><span class="obs">20</span></td>
<td class="lvl warn"><span class="mark">~</span><span class="obs">22</span></td>
</tr>
<tr>
<td class="crit">Appels d&#39;outils</td>
<td class="lvl warn"><span class="mark">~</span><span class="obs">20</span></td>
<td class="lvl ko"><span class="mark">✗</span><span class="obs">22</span></td>
<td class="lvl ok"><span class="mark">✓</span><span class="obs">18</span></td>
<td class="lvl warn"><span class="mark">~</span><span class="obs">19</span></td>
<td class="lvl warn"><span class="mark">~</span><span class="obs">21</span></td>
</tr>
</tbody>
</table>
</div>
<div class="synthesis reco">
<strong>Recommandations</strong>
<ul>
<li>Meilleur compromis coût / rapidité / directivité : <strong>skill</strong>.</li>
<li>Face à <strong>vanilla · run 2</strong>, les autres configurations coûtent en moyenne +0 % et sont 0 % plus lentes, pour un périmètre de changement comparable.</li>
</ul>
</div>

<h2 id="arbres">Arbres de fichiers</h2>
<p class="meta-list ftree-legend">Vue d'ensemble des fichiers touchés par chaque configuration :
<span class="added">+ ajouté</span> · ~ modifié · <span class="removed">− supprimé</span>.</p>
<div class="ftrees">
<div class="ftree-card">
<h3>vanilla</h3>
<p class="empty">Aucune modification.</p>
</div>
<div class="ftree-card">
<h3>vanilla · run 2</h3>
<ul class="ftree"><li class="file modified">x_test.go</li></ul>
</div>
<div class="ftree-card">
<h3>vanilla · run 3</h3>
<ul class="ftree"><li class="file modified">x_test.go</li></ul>
</div>
<div class="ftree-card">
<h3>skill</h3>
<ul class="ftree"><li class="file modified">x_test.go</li></ul>
</div>
<div class="ftree-card">
<h3>skill · run 2</h3>
<ul class="ftree"><li class="file modified">x_test.go</li></ul>
</div>
<div class="ftree-card">
<h3>skill · run 3</h3>
<ul class="ftree"><li class="file modified">x_test.go</li></ul>
</div>
</div>

<h2 id="cote-a-cote">Comparaison côte à côte</h2>
<p class="meta-list">Code complet des fichiers touchés, deux configurations côte à côte. Une ligne présente d'un seul côté (un ajout de cette config) est surlignée en vert ; une ligne qui diffère entre les deux est surlignée en ambre.</p>
<div class="sxs-controls">
<label>Config gauche <select id="sxs-left"></select></label>
<label>Config droite <select id="sxs-right"></select></label>
</div>
<div id="sxs-body"></div>

<h2 id="detail">Détail par config</h2>
<p class="meta-list">Résultat, vérifications déterministes et application des modifications. Le code produit se consulte dans la <a href="#cote-a-cote">comparaison côte à côte</a>.</p>

<div class="card">
<header>
<h3>vanilla</h3>
<span class="badge warn">sans effet</span>
<span class="spacer"></span>
<span class="stat">8.5s · $0.0700 · 1 tours · +0/-0</span>
</header>
<div class="body">
<div class="card-info">
<p class="meta-list">Artefacts : <code>vanilla/run-1</code></p>
<div class="result"><p>Agent({description: &#34;Survey&#34;, subagent_type: &#34;Explore&#34;})</p></div>
</div>
</div>
</div>

<div class="card">
<header>
<h3>vanilla · run 2</h3>
<span class="badge ok">ok</span>
<span class="spacer"></span>
<span class="stat">120.0s · $0.5000 · 21 tours · +100/-0</span>
</header>
<div class="body">
<div class="card-info">
<p class="meta-list">Artefacts : <code>vanilla/run-2</code></p>
<div class="result"><p>Tests ajoutés.</p></div>
<h4 class="detail-sub">Vérifications</h4>
<ul class="checklist">
<li class="ok">go test</li>
<li class="ok">go vet</li>
</ul>
</div>
</div>
</div>

<div class="card">
<header>
<h3>vanilla · run 3</h3>
<span class="badge ok">ok</span>
<span class="spacer"></span>
<span class="stat">120.0s · $0.5000 · 23 tours · +100/-0</span>
</header>
<div class="body">
<div class="card-info">
<p class="meta-list">Artefacts : <code>vanilla/run-3</code></p>
<div class="result"><p>Tests ajoutés.</p></div>
<h4 class="detail-sub">Vérifications</h4>
<ul class="checklist">
<li class="ko">go test <span class="stat">…FAIL</span></li>
<li class="ok">go vet</li>
</ul>
</div>
</div>
</div>

<div class="card">
<header>
<h3>skill</h3>
<span class="badge ok">ok</span>
<span class="spacer"></span>
<span class="stat">120.0s · $0.5000 · 19 tours · +100/-0</span>
</header>
<div class="body">
<div class="card-info">
<p class="meta-list">Artefacts : <code>skill/run-1</code></p>
<div class="result"><p>Tests ajoutés.</p></div>
<h4 class="detail-sub">Vérifications</h4>
<ul class="checklist">
<li class="ok">go test</li>
<li class="ok">go vet</li>
</ul>
</div>
</div>
</div>

<div class="card">
<header>
<h3>skill · run 2</h3>
<span class="badge ok">ok</span>
<span class="spacer"></span>
<span class="stat">120.0s · $0.5000 · 20 tours · +100/-0</span>
</header>
<div class="body">
<div class="card-info">
<p class="meta-list">Artefacts : <code>skill/run-2</code></p>
<div class="result"><p>Tests ajoutés.</p></div>
<h4 class="detail-sub">Vérifications</h4>
<ul class="checklist">
<li class="ok">go test</li>
<li class="ok">go vet</li>
</ul>
</div>
</div>
</div>

<div class="card">
<header>
<h3>skill · run 3</h3>
<span class="badge ok">ok</span>
<span class="spacer"></span>
<span class="stat">120.0s · $0.5000 · 22 tours · +100/-0</span>
</header>
<div class="body">
<div class="card-info">
<p class="meta-list">Artefacts : <code>skill/run-3</code></p>
<div class="result"><p>Tests ajoutés.</p></div>
<h4 class="detail-sub">Vérifications</h4>
<ul class="checklist">
<li class="ok">go test</li>
<li class="ok">go vet</li>
</ul>
</div>
</div>
</div>


</main>
<aside class="toc">
<div class="toc-inner">
<p class="toc-title">Sur cette page</p>
<nav id="toc-nav">
<a href="#prompt">Prompt</a>
<a href="#synthese">Synthèse</a>
<a href="#comparaison">Comparaison</a>
<a href="#evaluation">Évaluation de l'attendu</a>
<a href="#efficacite">Efficacité</a>
<a href="#arbres">Arbres de fichiers</a>
<a href="#cote-a-cote">Comparaison côte à côte</a>
<a href="#detail">Détail par config</a>
</nav>
</div>
</aside>
</div>


<script>
var BENCHY_FILES = {"labels":null,"files":{}};
(function () {
  var data = BENCHY_FILES;
  var labels = data.labels || [];
  var left = document.getElementById('sxs-left');
  var right = document.getElementById('sxs-right');
  var body = document.getElementById('sxs-body');

  if (labels.length < 2) {
    body.innerHTML = '<p class="empty">Comparaison indisponible : moins de deux configurations ont produit des fichiers.</p>';
    var controls = document.querySelector('.sxs-controls');
    if (controls) { controls.style.display = 'none'; }
    return;
  }

  labels.forEach(function (l) {
    left.add(new Option(l, l));
    right.add(new Option(l, l));
  });
  left.value = labels[0];
  right.value = labels[1];

  function esc(s) {
    return s.replace(/&/g, '&amp;').replace(/</g, '&lt;').replace(/>/g, '&gt;');
  }

  function toLines(s) {
    if (!s) { return []; }
    var a = s.split('\n');
    if (a.length && a[a.length - 1] === '') { a.pop(); }
    return a;
  }

  function lcsOps(a, b) {
    var n = a.length, m = b.length, ops = [], i, j;
    if (n * m > 4000000) {
      for (i = 0; i < n; i++) { ops.push({ t: 'del', i: i }); }
      for (j = 0; j < m; j++) { ops.push({ t: 'ins', j: j }); }
      return ops;
    }
    var dp = [];
    for (i = 0; i <= n; i++) { dp[i] = new Int32Array(m + 1); }
    for (i = n - 1; i >= 0; i--) {
      for (j = m - 1; j >= 0; j--) {
        dp[i][j] = a[i] === b[j] ? dp[i + 1][j + 1] + 1 : Math.max(dp[i + 1][j], dp[i][j + 1]);
      }
    }
    i = 0; j = 0;
    while (i < n && j < m) {
      if (a[i] === b[j]) { ops.push({ t: 'eq', i: i, j: j }); i++; j++; }
      else if (dp[i + 1][j] >= dp[i][j + 1]) { ops.push({ t: 'del', i: i }); i++; }
      else { ops.push({ t: 'ins', j: j }); j++; }
    }
    while (i < n) { ops.push({ t: 'del', i: i }); i++; }
    while (j < m) { ops.push({ t: 'ins', j: j }); j++; }
    return ops;
  }

  function alignRows(a, b) {
    var ops = lcsOps(a, b), rows = [], ln = 0, rn = 0, pd = [], pi = [];
    function flush() {
      var k = Math.max(pd.length, pi.length), x;
      for (x = 0; x < k; x++) {
        var L = x < pd.length ? { n: ++ln, text: a[pd[x]] } : null;
        var R = x < pi.length ? { n: ++rn, text: b[pi[x]] } : null;
        rows.push({ l: L, r: R, cls: (L && R) ? 'chg' : (L ? 'del' : 'add') });
      }
      pd = []; pi = [];
    }
    ops.forEach(function (op) {
      if (op.t === 'eq') {
        flush();
        rows.push({ l: { n: ++ln, text: a[op.i] }, r: { n: ++rn, text: b[op.j] }, cls: 'eq' });
      } else if (op.t === 'del') { pd.push(op.i); }
      else { pi.push(op.j); }
    });
    flush();
    return rows;
  }

  function cell(side, c) {
    if (!c) { return '<td class="ln"></td><td class="code ' + side + '"></td>'; }
    return '<td class="ln">' + c.n + '</td><td class="code ' + side + '">' + esc(c.text) + '</td>';
  }

  function badge(inL, inR, same) {
    var txt = !inL ? 'droite seulement' : !inR ? 'gauche seulement' : same ? 'identique' : 'divergent';
    return '<span class="ftag">' + txt + '</span>';
  }

  function render() {
    var lf = data.files[left.value] || {}, rf = data.files[right.value] || {};
    var seen = {};
    Object.keys(lf).forEach(function (k) { seen[k] = 1; });
    Object.keys(rf).forEach(function (k) { seen[k] = 1; });
    var keys = Object.keys(seen).sort();
    if (!keys.length) { body.innerHTML = '<p class="empty">Aucun fichier pour ce couple.</p>'; return; }

    var out = '';
    keys.forEach(function (path) {
      var inL = Object.prototype.hasOwnProperty.call(lf, path);
      var inR = Object.prototype.hasOwnProperty.call(rf, path);
      var lc = inL ? lf[path] : '', rc = inR ? rf[path] : '';
      out += '<div class="sxs-file">';
      out += '<div class="sxs-head"><code>' + esc(path) + '</code>' + badge(inL, inR, lc === rc) + '</div>';
      out += '<div class="sxs-scroll"><table class="sxs"><tbody>';
      alignRows(toLines(lc), toLines(rc)).forEach(function (row) {
        out += '<tr class="' + row.cls + '">' + cell('left', row.l) + cell('right', row.r) + '</tr>';
      });
      out += '</tbody></table></div></div>';
    });
    body.innerHTML = out;
  }

  left.addEventListener('change', render);
  right.addEventListener('change', render);
  render();
})();

(function () {
  var links = Array.prototype.slice.call(document.querySelectorAll('#toc-nav a'));
  if (!links.length || !('IntersectionObserver' in window)) { return; }
  var sections = links
    .map(function (a) { return document.getElementById(a.getAttribute('href').slice(1)); })
    .filter(Boolean);
  var current = null;
  function setActive(id) {
    if (id === current) { return; }
    current = id;
    links.forEach(function (a) { a.classList.toggle('active', a.getAttribute('href').slice(1) === id); });
  }
  var observer = new IntersectionObserver(function (entries) {
    entries.forEach(function (e) { if (e.isIntersecting) { setActive(e.target.id); } });
  }, { rootMargin: '0px 0px -75% 0px', threshold: 0 });
  sections.forEach(function (s) { observer.observe(s); });
})();
</script>


</body>
</html>
